
  .   ____          _            __ _ _
 /\\ / ___'_ __ _ _(_)_ __  __ _ \ \ \ \
( ( )\___ | '_ | '_| | '_ \/ _` | \ \ \ \
 \\/  ___)| |_)| | | | | || (_| |  ) ) ) )
  '  |____| .__|_| |_|_| |_\__, | / / / /
 =========|_|==============|___/=/_/_/_/
 :: Spring Boot ::                (v3.1.5)

2026-01-16 15:01:02 - Starting WebscApplication v0.0.1-SNAPSHOT using Java 25.0.1 with PID 23476 (D:\websc1\target\websc-0.0.1-SNAPSHOT.jar started by 1 in d:\websc1)
2026-01-16 15:01:02 - No active profile set, falling back to 1 default profile: "default"
WARNING: A restricted method in java.lang.System has been called
WARNING: java.lang.System::load has been called by org.apache.tomcat.jni.Library in an unnamed module (jar:file:/D:/websc1/target/websc-0.0.1-SNAPSHOT.jar!/BOOT-INF/lib/tomcat-embed-core-10.1.15.jar!/)
WARNING: Use --enable-native-access=ALL-UNNAMED to avoid a warning for callers in this module
WARNING: Restricted methods will be blocked in a future release unless native access is enabled

2026-01-16 15:01:03 - Tomcat initialized with port(s): 8080 (http)
2026-01-16 15:01:03 - Starting service [Tomcat]
2026-01-16 15:01:03 - Starting Servlet engine: [Apache Tomcat/10.1.15]
2026-01-16 15:01:03 - Initializing Spring embedded WebApplicationContext
2026-01-16 15:01:03 - Root WebApplicationContext: initialization completed in 905 ms
2026-01-16 15:01:04 - Tomcat started on port(s): 8080 (http) with context path ''
2026-01-16 15:01:04 - Started WebscApplication in 2.148 seconds (process running for 2.449)
2026-01-16 15:01:04 - HikariPool-1 - Starting...
2026-01-16 15:01:04 - HikariPool-1 - Added connection com.mysql.cj.jdbc.ConnectionImpl@5b3f3ba0
2026-01-16 15:01:04 - HikariPool-1 - Start completed.
¿ªÊ¼³õÊ¼»¯Êı¾İ¿â...
Çå¿Õ¾ÉÊı¾İ...
²åÈë³õÊ¼Êı¾İ...
³õÊ¼Êı¾İ²åÈëÍê³É£¡
Êı¾İ¿â³õÊ¼»¯Íê³É£¡
2026-01-16 15:02:44 - Initializing Spring DispatcherServlet 'dispatcherServlet'
2026-01-16 15:02:44 - Initializing Servlet 'dispatcherServlet'
2026-01-16 15:02:44 - Completed initialization in 6 ms
2026-01-16 15:02:44 - ==>  Preparing: SELECT * FROM user WHERE username = ?
2026-01-16 15:02:44 - ==> Parameters: user(String)
2026-01-16 15:02:44 - <==      Total: 1
2026-01-16 15:02:44 - ==>  Preparing: SELECT * FROM user WHERE username = ?
2026-01-16 15:02:44 - ==> Parameters: user(String)
2026-01-16 15:02:44 - <==      Total: 1
2026-01-16 15:02:46 - æ”¶åˆ°èŠå¤©è¯·æ±‚: userId=user_1768546966821, message=æ¨èå‡ ä¸ªé€‚åˆæ‹ç…§çš„æ™¯ç‚¹
2026-01-16 15:02:46 - å‘é€è¯·æ±‚åˆ°æ‰£å­API: userId=user_1768546966821, message=æ¨èå‡ ä¸ªé€‚åˆæ‹ç…§çš„æ™¯ç‚¹
2026-01-16 15:02:46 - è¯·æ±‚JSON: {"bot_id":"7594900019086999602","user_id":"user_1768546966821","query":"æ¨èå‡ ä¸ªé€‚åˆæ‹ç…§çš„æ™¯ç‚¹","stream":false}
2026-01-16 15:02:47 - æ‰£å­APIå“åº”: {"code":4101,"msg":"The token you entered is incorrect. Please double-check and try again. For more information, refer to https://coze.cn/docs/developer_guides/authentication","detail":{"logid":"202601161502470BBAFF3E15544E0AADA5"}}
2026-01-16 15:02:47 - æ‰£å­APIè¿”å›é”™è¯¯: The token you entered is incorrect. Please double-check and try again. For more information, refer to https://coze.cn/docs/developer_guides/authentication
2026-01-16 15:02:47 - èŠå¤©è¯·æ±‚å¤±è´¥
java.io.IOException: æ‰£å­APIè¿”å›é”™è¯¯: The token you entered is incorrect. Please double-check and try again. For more information, refer to https://coze.cn/docs/developer_guides/authentication
	at cn.edu.csuft.websc.service.CozeService.chat(CozeService.java:82)
	at cn.edu.csuft.websc.controller.CozeController.chat(CozeController.java:40)
	at java.base/jdk.internal.reflect.DirectMethodHandleAccessor.invoke(DirectMethodHandleAccessor.java:104)
	at java.base/java.lang.reflect.Method.invoke(Method.java:565)
	at org.springframework.web.method.support.InvocableHandlerMethod.doInvoke(InvocableHandlerMethod.java:205)
	at org.springframework.web.method.support.InvocableHandlerMethod.invokeForRequest(InvocableHandlerMethod.java:150)
	at org.springframework.web.servlet.mvc.method.annotation.ServletInvocableHandlerMethod.invokeAndHandle(ServletInvocableHandlerMethod.java:118)
	at org.springframework.web.servlet.mvc.method.annotation.RequestMappingHandlerAdapter.invokeHandlerMethod(RequestMappingHandlerAdapter.java:884)
	at org.springframework.web.servlet.mvc.method.annotation.RequestMappingHandlerAdapter.handleInternal(RequestMappingHandlerAdapter.java:797)
	at org.springframework.web.servlet.mvc.method.AbstractHandlerMethodAdapter.handle(AbstractHandlerMethodAdapter.java:87)
	at org.springframework.web.servlet.DispatcherServlet.doDispatch(DispatcherServlet.java:1081)
	at org.springframework.web.servlet.DispatcherServlet.doService(DispatcherServlet.java:974)
	at org.springframework.web.servlet.FrameworkServlet.processRequest(FrameworkServlet.java:1011)
	at org.springframework.web.servlet.FrameworkServlet.doPost(FrameworkServlet.java:914)
	at jakarta.servlet.http.HttpServlet.service(HttpServlet.java:590)
	at org.springframework.web.servlet.FrameworkServlet.service(FrameworkServlet.java:885)
	at jakarta.servlet.http.HttpServlet.service(HttpServlet.java:658)
	at org.apache.catalina.core.ApplicationFilterChain.internalDoFilter(ApplicationFilterChain.java:205)
	at org.apache.catalina.core.ApplicationFilterChain.doFilter(ApplicationFilterChain.java:149)
	at org.apache.tomcat.websocket.server.WsFilter.doFilter(WsFilter.java:51)
	at org.apache.catalina.core.ApplicationFilterChain.internalDoFilter(ApplicationFilterChain.java:174)
	at org.apache.catalina.core.ApplicationFilterChain.doFilter(ApplicationFilterChain.java:149)
	at org.springframework.web.filter.RequestContextFilter.doFilterInternal(RequestContextFilter.java:100)
	at org.springframework.web.filter.OncePerRequestFilter.doFilter(OncePerRequestFilter.java:116)
	at org.apache.catalina.core.ApplicationFilterChain.internalDoFilter(ApplicationFilterChain.java:174)
	at org.apache.catalina.core.ApplicationFilterChain.doFilter(ApplicationFilterChain.java:149)
	at org.springframework.web.filter.FormContentFilter.doFilterInternal(FormContentFilter.java:93)
	at org.springframework.web.filter.OncePerRequestFilter.doFilter(OncePerRequestFilter.java:116)
	at org.apache.catalina.core.ApplicationFilterChain.internalDoFilter(ApplicationFilterChain.java:174)
	at org.apache.catalina.core.ApplicationFilterChain.doFilter(ApplicationFilterChain.java:149)
	at org.springframework.web.filter.CharacterEncodingFilter.doFilterInternal(CharacterEncodingFilter.java:201)
	at org.springframework.web.filter.OncePerRequestFilter.doFilter(OncePerRequestFilter.java:116)
	at org.apache.catalina.core.ApplicationFilterChain.internalDoFilter(ApplicationFilterChain.java:174)
	at org.apache.catalina.core.ApplicationFilterChain.doFilter(ApplicationFilterChain.java:149)
	at org.apache.catalina.core.StandardWrapperValve.invoke(StandardWrapperValve.java:167)
	at org.apache.catalina.core.StandardContextValve.invoke(StandardContextValve.java:90)
	at org.apache.catalina.authenticator.AuthenticatorBase.invoke(AuthenticatorBase.java:482)
	at org.apache.catalina.core.StandardHostValve.invoke(StandardHostValve.java:115)
	at org.apache.catalina.valves.ErrorReportValve.invoke(ErrorReportValve.java:93)
	at org.apache.catalina.core.StandardEngineValve.invoke(StandardEngineValve.java:74)
	at org.apache.catalina.connector.CoyoteAdapter.service(CoyoteAdapter.java:340)
	at org.apache.coyote.http11.Http11Processor.service(Http11Processor.java:391)
	at org.apache.coyote.AbstractProcessorLight.process(AbstractProcessorLight.java:63)
	at org.apache.coyote.AbstractProtocol$ConnectionHandler.process(AbstractProtocol.java:896)
	at org.apache.tomcat.util.net.NioEndpoint$SocketProcessor.doRun(NioEndpoint.java:1744)
	at org.apache.tomcat.util.net.SocketProcessorBase.run(SocketProcessorBase.java:52)
	at org.apache.tomcat.util.threads.ThreadPoolExecutor.runWorker(ThreadPoolExecutor.java:1191)
	at org.apache.tomcat.util.threads.ThreadPoolExecutor$Worker.run(ThreadPoolExecutor.java:659)
	at org.apache.tomcat.util.threads.TaskThread$WrappingRunnable.run(TaskThread.java:61)
	at java.base/java.lang.Thread.run(Thread.java:1474)
